-- The C compiler identification is GNU 14.2.0
-- The CXX compiler identification is GNU 14.2.0
-- Detecting C compiler ABI info
-- Detecting C compiler ABI info - done
-- Check for working C compiler: /usr/bin/cc - skipped
-- Detecting C compile features
-- Detecting C compile features - done
-- Detecting CXX compiler ABI info
-- Detecting CXX compiler ABI info - done
-- Check for working CXX compiler: /usr/bin/c++ - skipped
-- Detecting CXX compile features
-- Detecting CXX compile features - done
-- === SYSTEM INFO ===
-- CMAKE_SYSTEM_NAME: Linux
-- CMAKE_SYSTEM_PROCESSOR: x86_64
-- CMAKE_HOST_SYSTEM_PROCESSOR: x86_64
-- CMAKE_SIZEOF_VOID_P: 8
-- =========================
-- Adding Terraria Mod: ResourceSaver
--   -> Output: ResourceSaver.linux.x64
-- Configuring done (0.4s)
-- Generating done (0.0s)
-- Build files have been written to: /mnt/data/rs_v122_cn/build_androidcheck
